2025-11-24 19:51:20,729 [INFO] Initializing BasicBot (testnet=True)
2025-11-24 19:52:01,865 [INFO] Setting leverage: symbol=BTCUSDT leverage=100
2025-11-24 19:52:02,088 [ERROR] Error setting leverage: APIError(code=-2014): API-key format invalid.
2025-11-24 19:52:02,088 [INFO] Placing market order: symbol=BTCUSDT side=BUY quantity=10.0
2025-11-24 19:52:02,227 [ERROR] API error placing market order: APIError(code=-2014): API-key format invalid.
2025-11-24 20:08:53,170 [INFO] Setting leverage: symbol=BTCUSDT leverage=100
2025-11-24 20:08:54,067 [ERROR] Error setting leverage: APIError(code=-2014): API-key format invalid.
2025-11-24 20:08:54,083 [INFO] Placing market order: symbol=BTCUSDT side=BUY quantity=10.0
2025-11-24 20:08:54,237 [ERROR] API error placing market order: APIError(code=-2014): API-key format invalid.
2025-11-24 21:56:12,103 [INFO] Initializing BasicBot (testnet=True)
2025-11-24 21:57:06,623 [INFO] Setting leverage: symbol=BTCUSDT leverage=120
2025-11-24 21:57:07,369 [ERROR] Error setting leverage: APIError(code=-2015): Invalid API-key, IP, or permissions for action
2025-11-24 21:57:07,375 [INFO] Placing market order: symbol=BTCUSDT side=BUY quantity=10.0
2025-11-24 21:57:07,504 [ERROR] API error placing market order: APIError(code=-2015): Invalid API-key, IP, or permissions for action
2025-11-24 22:15:04,192 [INFO] Setting leverage: symbol=BTCUSDT leverage=120
2025-11-24 22:15:05,150 [ERROR] Error setting leverage: APIError(code=-2015): Invalid API-key, IP, or permissions for action
2025-11-24 22:15:05,150 [INFO] Placing market order: symbol=BTCUSDT side=BUY quantity=10.0
2025-11-24 22:15:05,343 [ERROR] API error placing market order: APIError(code=-2015): Invalid API-key, IP, or permissions for action
2025-11-24 22:17:01,449 [INFO] Leverage response: {'symbol': 'BTCUSDT', 'leverage': 120, 'status': 'SUCCESS'}
2025-11-24 22:17:01,459 [INFO] Order response: {'symbol': 'BTCUSDT', 'side': 'BUY', 'type': 'MARKET', 'origQty': 10.0, 'price': 'MARKET', 'status': 'FILLED', 'orderId': 10001, 'clientOrderId': 'mock-10001'}
2025-11-24 22:23:33,442 [INFO] Leverage response: {'symbol': 'BTCUUDT', 'leverage': 110, 'status': 'SUCCESS'}
2025-11-24 22:23:33,450 [INFO] Order response: {'symbol': 'BTCUUDT', 'side': 'BUY', 'type': 'MARKET', 'origQty': 5.0, 'price': 'MARKET', 'status': 'FILLED', 'orderId': 10002, 'clientOrderId': 'mock-10002'}
2025-11-24 22:24:39,507 [INFO] Leverage response: {'symbol': 'BTCUSDT', 'leverage': 115, 'status': 'SUCCESS'}
2025-11-24 22:24:39,521 [INFO] Order response: {'symbol': 'BTCUSDT', 'side': 'BUY', 'type': 'MARKET', 'origQty': 10.0, 'price': 'MARKET', 'status': 'FILLED', 'orderId': 10003, 'clientOrderId': 'mock-10003'}
2025-11-24 22:28:01,245 [INFO] Leverage response: {'symbol': 'BTCUSDT', 'leverage': 111, 'status': 'SUCCESS'}
2025-11-24 22:28:01,249 [INFO] Order response: {'symbol': 'BTCUSDT', 'side': 'BUY', 'type': 'MARKET', 'origQty': 10.0, 'price': 'MARKET', 'status': 'FILLED', 'orderId': 10004, 'clientOrderId': 'mock-10004'}
2025-11-24 22:29:56,811 [INFO] Leverage response: {'symbol': 'STOCK', 'leverage': 100, 'status': 'SUCCESS'}
2025-11-24 22:29:56,821 [INFO] Order response: {'symbol': 'STOCK', 'side': 'BUY', 'type': 'MARKET', 'origQty': 15.0, 'price': 'MARKET', 'status': 'FILLED', 'orderId': 10005, 'clientOrderId': 'mock-10005'}
2025-11-24 22:34:05,540 [INFO] Bot initialized in MOCK MODE (no API needed)
2025-11-24 22:34:32,350 [INFO] [MOCK] Leverage set -> BTUCSDT @ 115x
2025-11-24 22:34:32,350 [INFO] Leverage response: {'symbol': 'BTUCSDT', 'leverage': 115, 'status': 'SUCCESS'}
2025-11-24 22:34:32,350 [INFO] [MOCK] Order placed -> {'symbol': 'BTUCSDT', 'side': 'BUY', 'type': 'MARKET', 'origQty': 20.0, 'price': 'MARKET', 'status': 'FILLED', 'orderId': 10001, 'clientOrderId': 'mock-10001'}
2025-11-24 22:34:32,350 [INFO] Order response: {'symbol': 'BTUCSDT', 'side': 'BUY', 'type': 'MARKET', 'origQty': 20.0, 'price': 'MARKET', 'status': 'FILLED', 'orderId': 10001, 'clientOrderId': 'mock-10001'}
2025-11-24 23:00:02,745 [INFO] [MOCK] Leverage set -> AUXID @ 120x
2025-11-24 23:00:02,745 [INFO] [MOCK] Order placed -> {'symbol': 'AUXID', 'side': 'BUY', 'type': 'MARKET', 'origQty': 100.0, 'price': 'MARKET', 'status': 'FILLED', 'orderId': 10001}
2025-11-25 10:38:08,452 [INFO] [MOCK] Leverage set -> ABCDEF @ 120x
2025-11-25 10:38:08,470 [INFO] [MOCK] Order placed -> {'symbol': 'ABCDEF', 'side': 'BUY', 'type': 'MARKET', 'origQty': 10.0, 'price': 'MARKET', 'status': 'FILLED', 'orderId': 10001}
2025-11-25 10:39:07,257 [INFO] [MOCK] Leverage set -> ABCD @ 12x
2025-11-25 10:39:07,272 [INFO] [MOCK] Order placed -> {'symbol': 'ABCD', 'side': 'BUY', 'type': 'LIMIT', 'origQty': 10.0, 'price': '1500.0', 'status': 'FILLED', 'orderId': 10002}
2025-11-25 10:44:36,775 [INFO] [MOCK] Leverage set -> ABCDE @ 100x
2025-11-25 10:44:36,784 [INFO] [MOCK] Order placed -> {'symbol': 'ABCDE', 'side': 'BUY', 'type': 'LIMIT', 'origQty': 10.0, 'price': '15000.0', 'status': 'FILLED', 'orderId': 10003}
2025-11-25 10:51:44,650 [INFO] Bot initialized in MOCK MODE (no API needed)
2025-11-25 10:52:25,631 [INFO] [MOCK] Leverage set -> BTCUSDT @ 50x
2025-11-25 10:52:25,632 [INFO] Leverage response: {'symbol': 'BTCUSDT', 'leverage': 50, 'status': 'SUCCESS'}
2025-11-25 10:52:25,632 [INFO] [MOCK] Order placed -> {'symbol': 'BTCUSDT', 'side': 'SELL', 'type': 'MARKET', 'origQty': 10.0, 'price': 'MARKET', 'status': 'FILLED', 'orderId': 10001, 'clientOrderId': 'mock-10001'}
2025-11-25 10:52:25,632 [INFO] Order response: {'symbol': 'BTCUSDT', 'side': 'SELL', 'type': 'MARKET', 'origQty': 10.0, 'price': 'MARKET', 'status': 'FILLED', 'orderId': 10001, 'clientOrderId': 'mock-10001'}
